{
  "analysis_cpp::cpp::extract_entities_linux_cpp": {
    "file": "tests/analysis_cpp.rs",
    "module_path": "analysis_cpp::cpp",
    "test_function": "extract_entities_linux_cpp",
    "recorded_value": [
      {
        "Entity": {
          "description": null,
          "entities": [
            {
              "Entity": {
                "description": {
                  "lines": [
                    "#TESTCLASS(c1)",
                    "#SET_UP_CONTEXT:",
                    "this->class_inst = new c1();",
                    "#TEAR_DOWN_CONTEXT:",
                    "delete this->class_inst;",
                    "this->class_inst = nullptr;",
                    "#CLASS_CONTEXT:",
                    "c1 * class_inst;"
                  ]
                },
                "entities": [
                  {
                    "Function": {
                      "arguments": [
                        {
                          "atype": "unsigned int",
                          "name": "no1",
                          "value": null
                        },
                        {
                          "atype": "unsigned int",
                          "name": "no2",
                          "value": null
                        }
                      ],
                      "description": {
                        "lines": [
                          "#TESTCASE(c1::AddTwoNumbers)",
                          "unsigned int no1 = 5;",
                          "#EQ[this->class_inst->TL_FCT(no1:no1,no2:10)=>15]",
                          "#LT[this->class_inst->TL_FCT(no1:no1,no2:10)=>30]"
                        ]
                      },
                      "name": "add_two_numbers",
                      "return_type": "unsigned int"
                    }
                  },
                  {
                    "Function": {
                      "arguments": [],
                      "description": null,
                      "name": "c1",
                      "return_type": "void"
                    }
                  },
                  {
                    "Function": {
                      "arguments": [],
                      "description": null,
                      "name": "~c1",
                      "return_type": "void"
                    }
                  }
                ],
                "name": "c1"
              }
            },
            {
              "Entity": {
                "description": {
                  "lines": [
                    "#TESTCLASS(c2)",
                    "#SET_UP_CONTEXT:",
                    "this->class_inst = new c2();",
                    "#TEAR_DOWN_CONTEXT:",
                    "delete this->class_inst;",
                    "this->class_inst = nullptr;",
                    "#CLASS_CONTEXT:",
                    "c2 * class_inst;"
                  ]
                },
                "entities": [
                  {
                    "Function": {
                      "arguments": [],
                      "description": null,
                      "name": "c2",
                      "return_type": "void"
                    }
                  },
                  {
                    "Function": {
                      "arguments": [],
                      "description": null,
                      "name": "~c2",
                      "return_type": "void"
                    }
                  },
                  {
                    "Function": {
                      "arguments": [
                        {
                          "atype": "unsigned int",
                          "name": "no1",
                          "value": null
                        },
                        {
                          "atype": "unsigned int",
                          "name": "no2",
                          "value": null
                        },
                        {
                          "atype": "unsigned int",
                          "name": "no3",
                          "value": null
                        }
                      ],
                      "description": {
                        "lines": [
                          "#TESTCASE(c2::AddThreeNumbers)",
                          "unsigned int no1 = 5;",
                          "unsigned int no2 = 10;",
                          "#EQ[this->class_inst->TL_FCT(no1:no1,no2:no2,no3:5)=>20]"
                        ]
                      },
                      "name": "add_three_numbers",
                      "return_type": "unsigned int"
                    }
                  }
                ],
                "name": "c2"
              }
            }
          ],
          "name": "ns1"
        }
      },
      {
        "Entity": {
          "description": null,
          "entities": [
            {
              "Entity": {
                "description": null,
                "entities": [
                  {
                    "Function": {
                      "arguments": [],
                      "description": null,
                      "name": "c3",
                      "return_type": "void"
                    }
                  },
                  {
                    "Function": {
                      "arguments": [],
                      "description": null,
                      "name": "~c3",
                      "return_type": "void"
                    }
                  },
                  {
                    "Function": {
                      "arguments": [],
                      "description": null,
                      "name": "return5",
                      "return_type": "unsigned int"
                    }
                  }
                ],
                "name": "c3"
              }
            }
          ],
          "name": "ns2"
        }
      }
    ]
  },
  "analysis_cpp::cpp::extract_entities_windows_cpp": {
    "file": "tests\\analysis_cpp.rs",
    "module_path": "analysis_cpp::cpp",
    "test_function": "extract_entities_windows_cpp",
    "recorded_value": [
      {
        "Entity": {
          "description": null,
          "entities": [
            {
              "Entity": {
                "description": {
                  "lines": [
                    "#TESTCLASS(c1)",
                    "#SET_UP_CONTEXT:",
                    "this->class_inst = new c1();",
                    "#TEAR_DOWN_CONTEXT:",
                    "delete this->class_inst;",
                    "this->class_inst = nullptr;",
                    "#CLASS_CONTEXT:",
                    "c1 * class_inst;"
                  ]
                },
                "entities": [
                  {
                    "Function": {
                      "arguments": [
                        {
                          "atype": "unsigned int",
                          "name": "no1",
                          "value": null
                        },
                        {
                          "atype": "unsigned int",
                          "name": "no2",
                          "value": null
                        }
                      ],
                      "description": {
                        "lines": [
                          "#TESTCASE(c1::AddTwoNumbers)",
                          "unsigned int no1 = 5;",
                          "#EQ[this->class_inst->TL_FCT(no1:no1,no2:10)=>15]",
                          "#LT[this->class_inst->TL_FCT(no1:no1,no2:10)=>30]"
                        ]
                      },
                      "name": "add_two_numbers",
                      "return_type": "unsigned int"
                    }
                  },
                  {
                    "Function": {
                      "arguments": [],
                      "description": null,
                      "name": "c1",
                      "return_type": "void"
                    }
                  },
                  {
                    "Function": {
                      "arguments": [],
                      "description": null,
                      "name": "~c1",
                      "return_type": "void"
                    }
                  }
                ],
                "name": "c1"
              }
            },
            {
              "Entity": {
                "description": {
                  "lines": [
                    "#TESTCLASS(c2)",
                    "#SET_UP_CONTEXT:",
                    "this->class_inst = new c2();",
                    "#TEAR_DOWN_CONTEXT:",
                    "delete this->class_inst;",
                    "this->class_inst = nullptr;",
                    "#CLASS_CONTEXT:",
                    "c2 * class_inst;"
                  ]
                },
                "entities": [
                  {
                    "Function": {
                      "arguments": [],
                      "description": null,
                      "name": "c2",
                      "return_type": "void"
                    }
                  },
                  {
                    "Function": {
                      "arguments": [],
                      "description": null,
                      "name": "~c2",
                      "return_type": "void"
                    }
                  },
                  {
                    "Function": {
                      "arguments": [
                        {
                          "atype": "unsigned int",
                          "name": "no1",
                          "value": null
                        },
                        {
                          "atype": "unsigned int",
                          "name": "no2",
                          "value": null
                        },
                        {
                          "atype": "unsigned int",
                          "name": "no3",
                          "value": null
                        }
                      ],
                      "description": {
                        "lines": [
                          "#TESTCASE(c2::AddThreeNumbers)",
                          "unsigned int no1 = 5;",
                          "unsigned int no2 = 10;",
                          "#EQ[this->class_inst->TL_FCT(no1:no1,no2:no2,no3:5)=>20]"
                        ]
                      },
                      "name": "add_three_numbers",
                      "return_type": "unsigned int"
                    }
                  }
                ],
                "name": "c2"
              }
            }
          ],
          "name": "ns1"
        }
      },
      {
        "Entity": {
          "description": null,
          "entities": [
            {
              "Entity": {
                "description": null,
                "entities": [
                  {
                    "Function": {
                      "arguments": [],
                      "description": null,
                      "name": "c3",
                      "return_type": "void"
                    }
                  },
                  {
                    "Function": {
                      "arguments": [],
                      "description": null,
                      "name": "~c3",
                      "return_type": "void"
                    }
                  },
                  {
                    "Function": {
                      "arguments": [],
                      "description": null,
                      "name": "return5",
                      "return_type": "unsigned int"
                    }
                  }
                ],
                "name": "c3"
              }
            }
          ],
          "name": "ns2"
        }
      }
    ]
  }
}
